******************************************************************************
                  TI ARM Linker Unix v18.1.4                   
******************************************************************************
>> Linked Wed Feb  6 18:00:13 2019

OUTPUT FILE NAME:   <lab5.out>
ENTRY POINT SYMBOL: "_c_int00_noargs"  address: 00000bc9


MEMORY CONFIGURATION

         name            origin    length      used     unused   attr    fill
----------------------  --------  ---------  --------  --------  ----  --------
  FLASH                 00000000   00040000  00000e64  0003f19c  R  X
  SRAM                  20000000   00008000  00000214  00007dec  RW X


SEGMENT ALLOCATION MAP

run origin  load origin   length   init length attrs members
----------  ----------- ---------- ----------- ----- -------
00000000    00000000    00000e6c   00000e6c    r-x
  00000000    00000000    0000026c   0000026c    r-- .intvecs
  0000026c    0000026c    00000ae6   00000ae6    r-x .text
  00000d54    00000d54    000000fe   000000fe    r-- .const
  00000e58    00000e58    00000014   00000014    r-- .cinit
20000000    20000000    00000214   00000000    rw-
  20000000    20000000    00000200   00000000    rw- .stack
  20000200    20000200    00000014   00000000    rw- .bss


SECTION ALLOCATION MAP

 output                                  attributes/
section   page    origin      length       input sections
--------  ----  ----------  ----------   ----------------
.intvecs   0    00000000    0000026c     
                  00000000    0000026c     tm4c123gh6pm_startup_ccs.obj (.intvecs)

.text      0    0000026c    00000ae6     
                  0000026c    000002d4     lcd.obj (.text)
                  00000540    00000132     driverlib.lib : gpio.obj (.text:GPIOPadConfigSet)
                  00000672    00000002     --HOLE-- [fill = 0]
                  00000674    00000110                   : sysctl.obj (.text:SysCtlClockGet)
                  00000784    000000f4                   : sysctl.obj (.text:SysCtlClockSet)
                  00000878    000000f4     main.obj (.text)
                  0000096c    000000d8     adc_external.obj (.text)
                  00000a44    0000007a     driverlib.lib : adc.obj (.text:ADCSequenceStepConfigure)
                  00000abe    00000002     --HOLE-- [fill = 0]
                  00000ac0    00000048                   : gpio.obj (.text:GPIOPinConfigure)
                  00000b08    00000044     rtsv7M4_T_le_v4SPD16_eabi.lib : autoinit.c.obj (.text:__TI_auto_init_nobinit_nopinit:__TI_auto_init_nobinit_nopinit)
                  00000b4c    0000003e     driverlib.lib : adc.obj (.text:ADCSequenceConfigure)
                  00000b8a    0000003c                   : ssi.obj (.text:SSIConfigSetExpClk)
                  00000bc6    00000002     --HOLE-- [fill = 0]
                  00000bc8    00000038     rtsv7M4_T_le_v4SPD16_eabi.lib : boot_cortex_m.c.obj (.text:_c_int00_noargs:_c_int00_noargs)
                  00000c00    00000034     driverlib.lib : sysctl.obj (.text:SysCtlPeripheralEnable)
                  00000c34    0000002e                   : adc.obj (.text:ADCIntStatus)
                  00000c62    0000002a                   : gpio.obj (.text:GPIODirModeSet)
                  00000c8c    0000001e                   : adc.obj (.text:ADCSequenceDataGet)
                  00000caa    00000018                   : adc.obj (.text:ADCProcessorTrigger)
                  00000cc2    00000018                   : gpio.obj (.text:GPIOPinTypeGPIOOutput)
                  00000cda    00000012                   : gpio.obj (.text:GPIOPinTypeSSI)
                  00000cec    00000012     rtsv7M4_T_le_v4SPD16_eabi.lib : copy_zero_init.c.obj (.text:decompress:ZI:__TI_zero_init_nomemset:__TI_zero_init_nomemset)
                  00000cfe    0000000e     driverlib.lib : adc.obj (.text:ADCSequenceEnable)
                  00000d0c    0000000c     tm4c123gh6pm_startup_ccs.obj (.text)
                  00000d18    0000000a     driverlib.lib : adc.obj (.text:ADCIntClear)
                  00000d22    0000000a                   : ssi.obj (.text:SSIDataPut)
                  00000d2c    0000000a                   : ssi.obj (.text:SSIEnable)
                  00000d36    00000008                   : ssi.obj (.text:SSIBusy)
                  00000d3e    00000006                   : gpio.obj (.text:GPIOPinWrite)
                  00000d44    00000006                   : sysctl.obj (.text:SysCtlDelay)
                  00000d4a    00000004     rtsv7M4_T_le_v4SPD16_eabi.lib : pre_init.c.obj (.text:_system_pre_init)
                  00000d4e    00000004                                   : exit.c.obj (.text:abort:abort)

.const     0    00000d54    000000fe     
                  00000d54    00000090     driverlib.lib : gpio.obj (.const:g_pui32GPIOBaseAddrs)
                  00000de4    0000006c                   : sysctl.obj (.const:g_pui32Xtals)
                  00000e50    00000002     main.obj (.const:.string:DataTx)

.cinit     0    00000e58    00000014     
                  00000e58    00000008     (.cinit..bss.load) [load image, compression = zero_init]
                  00000e60    00000004     (__TI_handler_table)
                  00000e64    00000008     (__TI_cinit_table)

.init_array 
*          0    00000000    00000000     UNINITIALIZED

.bss       0    20000200    00000014     UNINITIALIZED
                  20000200    00000010     (.common:ui32ADC0Value)
                  20000210    00000004     (.common:ui32Avg)

.stack     0    20000000    00000200     UNINITIALIZED
                  20000000    00000004     rtsv7M4_T_le_v4SPD16_eabi.lib : boot_cortex_m.c.obj (.stack)
                  20000004    000001fc     --HOLE--

MODULE SUMMARY

       Module                         code   ro data   rw data
       ------                         ----   -------   -------
    ./
       lcd.obj                        724    0         0      
       tm4c123gh6pm_startup_ccs.obj   12     620       0      
       main.obj                       244    2         0      
       adc_external.obj               216    0         20     
    +--+------------------------------+------+---------+---------+
       Total:                         1196   622       20     
                                                              
    /home/simmu/ti/TivaWare_C_Series-2.1.2.111/driverlib/ccs/Debug/driverlib.lib
       sysctl.obj                     574    108       0      
       gpio.obj                       468    144       0      
       adc.obj                        308    0         0      
       ssi.obj                        88     0         0      
    +--+------------------------------+------+---------+---------+
       Total:                         1438   252       0      
                                                              
    /home/simmu/ti/ccsv8/tools/compiler/ti-cgt-arm_18.1.4.LTS/lib/rtsv7M4_T_le_v4SPD16_eabi.lib
       autoinit.c.obj                 68     0         0      
       boot_cortex_m.c.obj            56     0         0      
       copy_zero_init.c.obj           18     0         0      
       exit.c.obj                     4      0         0      
       pre_init.c.obj                 4      0         0      
    +--+------------------------------+------+---------+---------+
       Total:                         150    0         0      
                                                              
       Stack:                         0      0         512    
       Linker Generated:              0      20        0      
    +--+------------------------------+------+---------+---------+
       Grand Total:                   2784   894       532    


LINKER GENERATED COPY TABLES

__TI_cinit_table @ 00000e64 records: 1, size/record: 8, table size: 8
	.bss: load addr=00000e58, load size=00000008 bytes, run addr=20000200, run size=00000014 bytes, compression=zero_init


LINKER GENERATED HANDLER TABLE

__TI_handler_table @ 00000e60 records: 1, size/record: 4, table size: 4
	index: 0, handler: __TI_zero_init


GLOBAL SYMBOLS: SORTED ALPHABETICALLY BY Name 

address   name                          
-------   ----                          
00000d19  ADCIntClear                   
00000c35  ADCIntStatus                  
00000cab  ADCProcessorTrigger           
00000b4d  ADCSequenceConfigure          
00000c8d  ADCSequenceDataGet            
00000cff  ADCSequenceEnable             
00000a45  ADCSequenceStepConfigure      
0000096d  ADC_config                    
000009d1  ADC_conversion                
00000d4f  C$$EXIT                       
00000e50  DataTx                        
00000c63  GPIODirModeSet                
00000541  GPIOPadConfigSet              
00000ac1  GPIOPinConfigure              
00000cc3  GPIOPinTypeGPIOOutput         
00000cdb  GPIOPinTypeSSI                
00000d3f  GPIOPinWrite                  
00000d0d  ResetISR                      
00000d37  SSIBusy                       
00000b8b  SSIConfigSetExpClk            
00000d23  SSIDataPut                    
00000d2d  SSIEnable                     
00000879  SSI_configure                 
00000675  SysCtlClockGet                
00000785  SysCtlClockSet                
00000d45  SysCtlDelay                   
00000c01  SysCtlPeripheralEnable        
20000200  __STACK_END                   
00000200  __STACK_SIZE                  
20000200  __STACK_TOP                   
00000e64  __TI_CINIT_Base               
00000e6c  __TI_CINIT_Limit              
00000e60  __TI_Handler_Table_Base       
00000e64  __TI_Handler_Table_Limit      
00000b09  __TI_auto_init_nobinit_nopinit
ffffffff  __TI_pprof_out_hndl           
ffffffff  __TI_prof_data_size           
ffffffff  __TI_prof_data_start          
00000000  __TI_static_base__            
00000ced  __TI_zero_init_nomemset       
ffffffff  __binit__                     
ffffffff  __c_args__                    
UNDEFED   __mpu_init                    
20000000  __stack                       
00000bc9  _c_int00_noargs               
UNDEFED   _system_post_cinit            
00000d4b  _system_pre_init              
00000d4f  abort                         
ffffffff  binit                         
00000000  g_pfnVectors                  
00000311  lcd_char                      
000002cd  lcd_command                   
00000371  lcd_cursor                    
00000293  lcd_init                      
0000026d  lcd_portconfig                
000003a9  lcd_print                     
00000355  lcd_string                    
000008d1  main                          
20000200  ui32ADC0Value                 
20000210  ui32Avg                       


GLOBAL SYMBOLS: SORTED BY Symbol Address 

address   name                          
-------   ----                          
00000000  __TI_static_base__            
00000000  g_pfnVectors                  
00000200  __STACK_SIZE                  
0000026d  lcd_portconfig                
00000293  lcd_init                      
000002cd  lcd_command                   
00000311  lcd_char                      
00000355  lcd_string                    
00000371  lcd_cursor                    
000003a9  lcd_print                     
00000541  GPIOPadConfigSet              
00000675  SysCtlClockGet                
00000785  SysCtlClockSet                
00000879  SSI_configure                 
000008d1  main                          
0000096d  ADC_config                    
000009d1  ADC_conversion                
00000a45  ADCSequenceStepConfigure      
00000ac1  GPIOPinConfigure              
00000b09  __TI_auto_init_nobinit_nopinit
00000b4d  ADCSequenceConfigure          
00000b8b  SSIConfigSetExpClk            
00000bc9  _c_int00_noargs               
00000c01  SysCtlPeripheralEnable        
00000c35  ADCIntStatus                  
00000c63  GPIODirModeSet                
00000c8d  ADCSequenceDataGet            
00000cab  ADCProcessorTrigger           
00000cc3  GPIOPinTypeGPIOOutput         
00000cdb  GPIOPinTypeSSI                
00000ced  __TI_zero_init_nomemset       
00000cff  ADCSequenceEnable             
00000d0d  ResetISR                      
00000d19  ADCIntClear                   
00000d23  SSIDataPut                    
00000d2d  SSIEnable                     
00000d37  SSIBusy                       
00000d3f  GPIOPinWrite                  
00000d45  SysCtlDelay                   
00000d4b  _system_pre_init              
00000d4f  C$$EXIT                       
00000d4f  abort                         
00000e50  DataTx                        
00000e60  __TI_Handler_Table_Base       
00000e64  __TI_CINIT_Base               
00000e64  __TI_Handler_Table_Limit      
00000e6c  __TI_CINIT_Limit              
20000000  __stack                       
20000200  __STACK_END                   
20000200  __STACK_TOP                   
20000200  ui32ADC0Value                 
20000210  ui32Avg                       
ffffffff  __TI_pprof_out_hndl           
ffffffff  __TI_prof_data_size           
ffffffff  __TI_prof_data_start          
ffffffff  __binit__                     
ffffffff  __c_args__                    
ffffffff  binit                         
UNDEFED   __mpu_init                    
UNDEFED   _system_post_cinit            

[60 symbols]
