******************************************************************************
                  TI ARM Linker Unix v18.1.4                   
******************************************************************************
>> Linked Fri Feb  8 12:47:00 2019

OUTPUT FILE NAME:   <lab5.out>
ENTRY POINT SYMBOL: "_c_int00_noargs"  address: 00000a69


MEMORY CONFIGURATION

         name            origin    length      used     unused   attr    fill
----------------------  --------  ---------  --------  --------  ----  --------
  FLASH                 00000000   00040000  00000c96  0003f36a  R  X
  SRAM                  20000000   00008000  00000214  00007dec  RW X


SEGMENT ALLOCATION MAP

run origin  load origin   length   init length attrs members
----------  ----------- ---------- ----------- ----- -------
00000000    00000000    00000c9c   00000c9c    r-x
  00000000    00000000    0000026c   0000026c    r-- .intvecs
  0000026c    0000026c    00000986   00000986    r-x .text
  00000bf4    00000bf4    00000090   00000090    r-- .const
  00000c88    00000c88    00000014   00000014    r-- .cinit
20000000    20000000    00000214   00000000    rw-
  20000000    20000000    00000200   00000000    rw- .stack
  20000200    20000200    00000014   00000000    rw- .bss


SECTION ALLOCATION MAP

 output                                  attributes/
section   page    origin      length       input sections
--------  ----  ----------  ----------   ----------------
.intvecs   0    00000000    0000026c     
                  00000000    0000026c     tm4c123gh6pm_startup_ccs.obj (.intvecs)

.text      0    0000026c    00000986     
                  0000026c    000002d4     lcd.obj (.text)
                  00000540    00000132     driverlib.lib : gpio.obj (.text:GPIOPadConfigSet)
                  00000672    00000002     --HOLE-- [fill = 0]
                  00000674    000000f4                   : sysctl.obj (.text:SysCtlClockSet)
                  00000768    000000e0     main.obj (.text)
                  00000848    000000d8     adc_external.obj (.text)
                  00000920    0000007a     driverlib.lib : adc.obj (.text:ADCSequenceStepConfigure)
                  0000099a    00000002     --HOLE-- [fill = 0]
                  0000099c    00000048                   : gpio.obj (.text:GPIOPinConfigure)
                  000009e4    00000044     rtsv7M4_T_le_v4SPD16_eabi.lib : autoinit.c.obj (.text:__TI_auto_init_nobinit_nopinit:__TI_auto_init_nobinit_nopinit)
                  00000a28    0000003e     driverlib.lib : adc.obj (.text:ADCSequenceConfigure)
                  00000a66    00000002     --HOLE-- [fill = 0]
                  00000a68    00000038     rtsv7M4_T_le_v4SPD16_eabi.lib : boot_cortex_m.c.obj (.text:_c_int00_noargs:_c_int00_noargs)
                  00000aa0    00000034     driverlib.lib : sysctl.obj (.text:SysCtlPeripheralEnable)
                  00000ad4    0000002e                   : adc.obj (.text:ADCIntStatus)
                  00000b02    0000002a                   : gpio.obj (.text:GPIODirModeSet)
                  00000b2c    0000001e                   : adc.obj (.text:ADCSequenceDataGet)
                  00000b4a    00000018                   : adc.obj (.text:ADCProcessorTrigger)
                  00000b62    00000018                   : gpio.obj (.text:GPIOPinTypeGPIOOutput)
                  00000b7a    00000012                   : gpio.obj (.text:GPIOPinTypeSSI)
                  00000b8c    00000012     rtsv7M4_T_le_v4SPD16_eabi.lib : copy_zero_init.c.obj (.text:decompress:ZI:__TI_zero_init_nomemset:__TI_zero_init_nomemset)
                  00000b9e    0000000e     driverlib.lib : adc.obj (.text:ADCSequenceEnable)
                  00000bac    0000000c     tm4c123gh6pm_startup_ccs.obj (.text)
                  00000bb8    0000000a     driverlib.lib : adc.obj (.text:ADCIntClear)
                  00000bc2    0000000a                   : ssi.obj (.text:SSIDataPut)
                  00000bcc    0000000a                   : ssi.obj (.text:SSIEnable)
                  00000bd6    00000008                   : ssi.obj (.text:SSIBusy)
                  00000bde    00000006                   : gpio.obj (.text:GPIOPinWrite)
                  00000be4    00000006                   : sysctl.obj (.text:SysCtlDelay)
                  00000bea    00000004     rtsv7M4_T_le_v4SPD16_eabi.lib : pre_init.c.obj (.text:_system_pre_init)
                  00000bee    00000004                                   : exit.c.obj (.text:abort:abort)

.const     0    00000bf4    00000090     
                  00000bf4    00000090     driverlib.lib : gpio.obj (.const:g_pui32GPIOBaseAddrs)

.cinit     0    00000c88    00000014     
                  00000c88    00000008     (.cinit..bss.load) [load image, compression = zero_init]
                  00000c90    00000004     (__TI_handler_table)
                  00000c94    00000008     (__TI_cinit_table)

.init_array 
*          0    00000000    00000000     UNINITIALIZED

.bss       0    20000200    00000014     UNINITIALIZED
                  20000200    00000010     (.common:ui32ADC0Value)
                  20000210    00000004     (.common:ui32Avg)

.stack     0    20000000    00000200     UNINITIALIZED
                  20000000    00000004     rtsv7M4_T_le_v4SPD16_eabi.lib : boot_cortex_m.c.obj (.stack)
                  20000004    000001fc     --HOLE--

MODULE SUMMARY

       Module                         code   ro data   rw data
       ------                         ----   -------   -------
    ./
       lcd.obj                        724    0         0      
       tm4c123gh6pm_startup_ccs.obj   12     620       0      
       adc_external.obj               216    0         20     
       main.obj                       224    0         0      
    +--+------------------------------+------+---------+---------+
       Total:                         1176   620       20     
                                                              
    /home/simmu/ti/TivaWare_C_Series-2.1.2.111/driverlib/ccs/Debug/driverlib.lib
       gpio.obj                       468    144       0      
       adc.obj                        308    0         0      
       sysctl.obj                     302    0         0      
       ssi.obj                        28     0         0      
    +--+------------------------------+------+---------+---------+
       Total:                         1106   144       0      
                                                              
    /home/simmu/ti/ccsv8/tools/compiler/ti-cgt-arm_18.1.4.LTS/lib/rtsv7M4_T_le_v4SPD16_eabi.lib
       autoinit.c.obj                 68     0         0      
       boot_cortex_m.c.obj            56     0         0      
       copy_zero_init.c.obj           18     0         0      
       exit.c.obj                     4      0         0      
       pre_init.c.obj                 4      0         0      
    +--+------------------------------+------+---------+---------+
       Total:                         150    0         0      
                                                              
       Stack:                         0      0         512    
       Linker Generated:              0      20        0      
    +--+------------------------------+------+---------+---------+
       Grand Total:                   2432   784       532    


LINKER GENERATED COPY TABLES

__TI_cinit_table @ 00000c94 records: 1, size/record: 8, table size: 8
	.bss: load addr=00000c88, load size=00000008 bytes, run addr=20000200, run size=00000014 bytes, compression=zero_init


LINKER GENERATED HANDLER TABLE

__TI_handler_table @ 00000c90 records: 1, size/record: 4, table size: 4
	index: 0, handler: __TI_zero_init


GLOBAL SYMBOLS: SORTED ALPHABETICALLY BY Name 

address   name                          
-------   ----                          
00000bb9  ADCIntClear                   
00000ad5  ADCIntStatus                  
00000b4b  ADCProcessorTrigger           
00000a29  ADCSequenceConfigure          
00000b2d  ADCSequenceDataGet            
00000b9f  ADCSequenceEnable             
00000921  ADCSequenceStepConfigure      
00000849  ADC_config                    
000008ad  ADC_conversion                
00000bef  C$$EXIT                       
00000b03  GPIODirModeSet                
00000541  GPIOPadConfigSet              
0000099d  GPIOPinConfigure              
00000b63  GPIOPinTypeGPIOOutput         
00000b7b  GPIOPinTypeSSI                
00000bdf  GPIOPinWrite                  
00000bad  ResetISR                      
00000bd7  SSIBusy                       
00000bc3  SSIDataPut                    
00000bcd  SSIEnable                     
00000769  SSI_configure                 
00000675  SysCtlClockSet                
00000be5  SysCtlDelay                   
00000aa1  SysCtlPeripheralEnable        
20000200  __STACK_END                   
00000200  __STACK_SIZE                  
20000200  __STACK_TOP                   
00000c94  __TI_CINIT_Base               
00000c9c  __TI_CINIT_Limit              
00000c90  __TI_Handler_Table_Base       
00000c94  __TI_Handler_Table_Limit      
000009e5  __TI_auto_init_nobinit_nopinit
ffffffff  __TI_pprof_out_hndl           
ffffffff  __TI_prof_data_size           
ffffffff  __TI_prof_data_start          
00000000  __TI_static_base__            
00000b8d  __TI_zero_init_nomemset       
ffffffff  __binit__                     
ffffffff  __c_args__                    
UNDEFED   __mpu_init                    
20000000  __stack                       
00000a69  _c_int00_noargs               
UNDEFED   _system_post_cinit            
00000beb  _system_pre_init              
00000bef  abort                         
ffffffff  binit                         
00000000  g_pfnVectors                  
00000311  lcd_char                      
000002cd  lcd_command                   
00000371  lcd_cursor                    
00000293  lcd_init                      
0000026d  lcd_portconfig                
000003a9  lcd_print                     
00000355  lcd_string                    
000007fb  main                          
20000200  ui32ADC0Value                 
20000210  ui32Avg                       
000007a7  write_data                    


GLOBAL SYMBOLS: SORTED BY Symbol Address 

address   name                          
-------   ----                          
00000000  __TI_static_base__            
00000000  g_pfnVectors                  
00000200  __STACK_SIZE                  
0000026d  lcd_portconfig                
00000293  lcd_init                      
000002cd  lcd_command                   
00000311  lcd_char                      
00000355  lcd_string                    
00000371  lcd_cursor                    
000003a9  lcd_print                     
00000541  GPIOPadConfigSet              
00000675  SysCtlClockSet                
00000769  SSI_configure                 
000007a7  write_data                    
000007fb  main                          
00000849  ADC_config                    
000008ad  ADC_conversion                
00000921  ADCSequenceStepConfigure      
0000099d  GPIOPinConfigure              
000009e5  __TI_auto_init_nobinit_nopinit
00000a29  ADCSequenceConfigure          
00000a69  _c_int00_noargs               
00000aa1  SysCtlPeripheralEnable        
00000ad5  ADCIntStatus                  
00000b03  GPIODirModeSet                
00000b2d  ADCSequenceDataGet            
00000b4b  ADCProcessorTrigger           
00000b63  GPIOPinTypeGPIOOutput         
00000b7b  GPIOPinTypeSSI                
00000b8d  __TI_zero_init_nomemset       
00000b9f  ADCSequenceEnable             
00000bad  ResetISR                      
00000bb9  ADCIntClear                   
00000bc3  SSIDataPut                    
00000bcd  SSIEnable                     
00000bd7  SSIBusy                       
00000bdf  GPIOPinWrite                  
00000be5  SysCtlDelay                   
00000beb  _system_pre_init              
00000bef  C$$EXIT                       
00000bef  abort                         
00000c90  __TI_Handler_Table_Base       
00000c94  __TI_CINIT_Base               
00000c94  __TI_Handler_Table_Limit      
00000c9c  __TI_CINIT_Limit              
20000000  __stack                       
20000200  __STACK_END                   
20000200  __STACK_TOP                   
20000200  ui32ADC0Value                 
20000210  ui32Avg                       
ffffffff  __TI_pprof_out_hndl           
ffffffff  __TI_prof_data_size           
ffffffff  __TI_prof_data_start          
ffffffff  __binit__                     
ffffffff  __c_args__                    
ffffffff  binit                         
UNDEFED   __mpu_init                    
UNDEFED   _system_post_cinit            

[58 symbols]
