******************************************************************************
                  TI ARM Linker Unix v18.1.4                   
******************************************************************************
>> Linked Fri Feb  1 11:44:55 2019

OUTPUT FILE NAME:   <lab3.out>
ENTRY POINT SYMBOL: "_c_int00_noargs"  address: 00000d29


MEMORY CONFIGURATION

         name            origin    length      used     unused   attr    fill
----------------------  --------  ---------  --------  --------  ----  --------
  FLASH                 00000000   00040000  00000f82  0003f07e  R  X
  SRAM                  20000000   00008000  00000210  00007df0  RW X


SEGMENT ALLOCATION MAP

run origin  load origin   length   init length attrs members
----------  ----------- ---------- ----------- ----- -------
00000000    00000000    00000f88   00000f88    r-x
  00000000    00000000    0000026c   0000026c    r-- .intvecs
  0000026c    0000026c    00000c0a   00000c0a    r-x .text
  00000e78    00000e78    000000dc   000000dc    r-- .const
  00000f58    00000f58    00000030   00000030    r-- .cinit
20000000    20000000    00000210   00000000    rw-
  20000000    20000000    00000200   00000000    rw- .stack
  20000200    20000200    0000000c   00000000    rw- .bss
  2000020c    2000020c    00000004   00000000    rw- .data


SECTION ALLOCATION MAP

 output                                  attributes/
section   page    origin      length       input sections
--------  ----  ----------  ----------   ----------------
.intvecs   0    00000000    0000026c     
                  00000000    0000026c     tm4c123gh6pm_startup_ccs.obj (.intvecs)

.text      0    0000026c    00000c0a     
                  0000026c    000002d4     lcd.obj (.text)
                  00000540    00000238     main.obj (.text)
                  00000778    00000132     driverlib.lib : gpio.obj (.text:GPIOPadConfigSet)
                  000008aa    00000002     --HOLE-- [fill = 0]
                  000008ac    00000110                   : sysctl.obj (.text:SysCtlClockGet)
                  000009bc    000000f4                   : sysctl.obj (.text:SysCtlClockSet)
                  00000ab0    0000009c     rtsv7M4_T_le_v4SPD16_eabi.lib : memcpy_t2.asm.obj (.text)
                  00000b4c    00000068     driverlib.lib : interrupt.obj (.text:IntEnable)
                  00000bb4    00000068     rtsv7M4_T_le_v4SPD16_eabi.lib : copy_decompress_lzss.c.obj (.text:decompress:lzss:__TI_decompress_lzss)
                  00000c1c    00000068     switch_handler.obj (.text)
                  00000c84    00000060     driverlib.lib : timer.obj (.text:TimerConfigure)
                  00000ce4    00000044     rtsv7M4_T_le_v4SPD16_eabi.lib : autoinit.c.obj (.text:__TI_auto_init_nobinit_nopinit:__TI_auto_init_nobinit_nopinit)
                  00000d28    00000038                                   : boot_cortex_m.c.obj (.text:_c_int00_noargs:_c_int00_noargs)
                  00000d60    00000034     driverlib.lib : sysctl.obj (.text:SysCtlPeripheralEnable)
                  00000d94    0000002a                   : gpio.obj (.text:GPIODirModeSet)
                  00000dbe    00000018                   : gpio.obj (.text:GPIOPinTypeGPIOOutput)
                  00000dd6    00000012                   : gpio.obj (.text:GPIOPinTypeGPIOInput)
                  00000de8    00000012                   : timer.obj (.text:TimerLoadSet)
                  00000dfa    00000012     rtsv7M4_T_le_v4SPD16_eabi.lib : copy_zero_init.c.obj (.text:decompress:ZI:__TI_zero_init_nomemset:__TI_zero_init_nomemset)
                  00000e0c    00000010     driverlib.lib : interrupt.obj (.text:IntMasterEnable)
                  00000e1c    0000000e                   : timer.obj (.text:TimerEnable)
                  00000e2a    0000000e     rtsv7M4_T_le_v4SPD16_eabi.lib : copy_decompress_none.c.obj (.text:decompress:none:__TI_decompress_none)
                  00000e38    0000000c     driverlib.lib : cpu.obj (.text:CPUcpsie)
                  00000e44    0000000c     tm4c123gh6pm_startup_ccs.obj (.text)
                  00000e50    00000008     driverlib.lib : timer.obj (.text:TimerIntEnable)
                  00000e58    00000006                   : gpio.obj (.text:GPIOPinRead)
                  00000e5e    00000006                   : gpio.obj (.text:GPIOPinWrite)
                  00000e64    00000006                   : sysctl.obj (.text:SysCtlDelay)
                  00000e6a    00000004                   : timer.obj (.text:TimerIntClear)
                  00000e6e    00000004     rtsv7M4_T_le_v4SPD16_eabi.lib : pre_init.c.obj (.text:_system_pre_init)
                  00000e72    00000004                                   : exit.c.obj (.text:abort:abort)

.const     0    00000e78    000000dc     
                  00000e78    00000070     driverlib.lib : interrupt.obj (.const)
                  00000ee8    0000006c                   : sysctl.obj (.const:g_pui32Xtals)

.cinit     0    00000f58    00000030     
                  00000f58    0000000c     (__TI_handler_table)
                  00000f64    00000004     --HOLE-- [fill = 0]
                  00000f68    00000008     (.cinit..bss.load) [load image, compression = zero_init]
                  00000f70    00000007     (.cinit..data.load) [load image, compression = lzss]
                  00000f77    00000001     --HOLE-- [fill = 0]
                  00000f78    00000010     (__TI_cinit_table)

.init_array 
*          0    00000000    00000000     UNINITIALIZED

.bss       0    20000200    0000000c     UNINITIALIZED
                  20000200    00000008     (.common:attempt)
                  20000208    00000004     (.common:ui32Period)

.data      0    2000020c    00000004     UNINITIALIZED
                  2000020c    00000004     main.obj (.data)

.stack     0    20000000    00000200     UNINITIALIZED
                  20000000    00000004     rtsv7M4_T_le_v4SPD16_eabi.lib : boot_cortex_m.c.obj (.stack)
                  20000004    000001fc     --HOLE--

MODULE SUMMARY

       Module                         code   ro data   rw data
       ------                         ----   -------   -------
    ./
       lcd.obj                        724    0         0      
       tm4c123gh6pm_startup_ccs.obj   12     620       0      
       main.obj                       568    0         16     
       switch_handler.obj             104    0         0      
    +--+------------------------------+------+---------+---------+
       Total:                         1408   620       16     
                                                              
    /home/simmu/ti/TivaWare_C_Series-2.1.2.111/driverlib/ccs/Debug/driverlib.lib
       sysctl.obj                     574    108       0      
       gpio.obj                       402    0         0      
       interrupt.obj                  120    112       0      
       timer.obj                      140    0         0      
       cpu.obj                        12     0         0      
    +--+------------------------------+------+---------+---------+
       Total:                         1248   220       0      
                                                              
    /home/simmu/ti/ccsv8/tools/compiler/ti-cgt-arm_18.1.4.LTS/lib/rtsv7M4_T_le_v4SPD16_eabi.lib
       memcpy_t2.asm.obj              156    0         0      
       copy_decompress_lzss.c.obj     104    0         0      
       autoinit.c.obj                 68     0         0      
       boot_cortex_m.c.obj            56     0         0      
       copy_zero_init.c.obj           18     0         0      
       copy_decompress_none.c.obj     14     0         0      
       exit.c.obj                     4      0         0      
       pre_init.c.obj                 4      0         0      
    +--+------------------------------+------+---------+---------+
       Total:                         424    0         0      
                                                              
       Stack:                         0      0         512    
       Linker Generated:              0      43        0      
    +--+------------------------------+------+---------+---------+
       Grand Total:                   3080   883       528    


LINKER GENERATED COPY TABLES

__TI_cinit_table @ 00000f78 records: 2, size/record: 8, table size: 16
	.bss: load addr=00000f68, load size=00000008 bytes, run addr=20000200, run size=0000000c bytes, compression=zero_init
	.data: load addr=00000f70, load size=00000007 bytes, run addr=2000020c, run size=00000004 bytes, compression=lzss


LINKER GENERATED HANDLER TABLE

__TI_handler_table @ 00000f58 records: 3, size/record: 4, table size: 12
	index: 0, handler: __TI_decompress_lzss
	index: 1, handler: __TI_decompress_none
	index: 2, handler: __TI_zero_init


GLOBAL SYMBOLS: SORTED ALPHABETICALLY BY Name 

address   name                          
-------   ----                          
00000e73  C$$EXIT                       
00000e39  CPUcpsie                      
00000d95  GPIODirModeSet                
00000779  GPIOPadConfigSet              
00000e59  GPIOPinRead                   
00000dd7  GPIOPinTypeGPIOInput          
00000dbf  GPIOPinTypeGPIOOutput         
00000e5f  GPIOPinWrite                  
00000b4d  IntEnable                     
00000e0d  IntMasterEnable               
00000e45  ResetISR                      
000008ad  SysCtlClockGet                
000009bd  SysCtlClockSet                
00000e65  SysCtlDelay                   
00000d61  SysCtlPeripheralEnable        
00000595  Timer2IntHandler              
00000c85  TimerConfigure                
00000e1d  TimerEnable                   
00000e6b  TimerIntClear                 
00000e51  TimerIntEnable                
00000de9  TimerLoadSet                  
20000200  __STACK_END                   
00000200  __STACK_SIZE                  
20000200  __STACK_TOP                   
00000f78  __TI_CINIT_Base               
00000f88  __TI_CINIT_Limit              
00000f58  __TI_Handler_Table_Base       
00000f64  __TI_Handler_Table_Limit      
00000ce5  __TI_auto_init_nobinit_nopinit
00000bb5  __TI_decompress_lzss          
00000e2b  __TI_decompress_none          
ffffffff  __TI_pprof_out_hndl           
ffffffff  __TI_prof_data_size           
ffffffff  __TI_prof_data_start          
00000000  __TI_static_base__            
00000dfb  __TI_zero_init_nomemset       
00000ab1  __aeabi_memcpy                
00000ab1  __aeabi_memcpy4               
00000ab1  __aeabi_memcpy8               
ffffffff  __binit__                     
ffffffff  __c_args__                    
UNDEFED   __mpu_init                    
20000000  __stack                       
00000d29  _c_int00_noargs               
UNDEFED   _system_post_cinit            
00000e6f  _system_pre_init              
00000e73  abort                         
20000200  attempt                       
ffffffff  binit                         
00000000  g_pfnVectors                  
00000311  lcd_char                      
000002cd  lcd_command                   
00000371  lcd_cursor                    
00000293  lcd_init                      
0000026d  lcd_portconfig                
000003a9  lcd_print                     
00000355  lcd_string                    
000005a9  ledPinConfig                  
000005b5  led_write                     
000005c9  main                          
00000ab1  memcpy                        
00000c5b  read_switch                   
00000c2d  switchPinConfig               
00000c1d  switch_setup                  
00000551  time_calculation              
2000020c  time_delay                    
00000541  timer_configuration           
20000208  ui32Period                    


GLOBAL SYMBOLS: SORTED BY Symbol Address 

address   name                          
-------   ----                          
00000000  __TI_static_base__            
00000000  g_pfnVectors                  
00000200  __STACK_SIZE                  
0000026d  lcd_portconfig                
00000293  lcd_init                      
000002cd  lcd_command                   
00000311  lcd_char                      
00000355  lcd_string                    
00000371  lcd_cursor                    
000003a9  lcd_print                     
00000541  timer_configuration           
00000551  time_calculation              
00000595  Timer2IntHandler              
000005a9  ledPinConfig                  
000005b5  led_write                     
000005c9  main                          
00000779  GPIOPadConfigSet              
000008ad  SysCtlClockGet                
000009bd  SysCtlClockSet                
00000ab1  __aeabi_memcpy                
00000ab1  __aeabi_memcpy4               
00000ab1  __aeabi_memcpy8               
00000ab1  memcpy                        
00000b4d  IntEnable                     
00000bb5  __TI_decompress_lzss          
00000c1d  switch_setup                  
00000c2d  switchPinConfig               
00000c5b  read_switch                   
00000c85  TimerConfigure                
00000ce5  __TI_auto_init_nobinit_nopinit
00000d29  _c_int00_noargs               
00000d61  SysCtlPeripheralEnable        
00000d95  GPIODirModeSet                
00000dbf  GPIOPinTypeGPIOOutput         
00000dd7  GPIOPinTypeGPIOInput          
00000de9  TimerLoadSet                  
00000dfb  __TI_zero_init_nomemset       
00000e0d  IntMasterEnable               
00000e1d  TimerEnable                   
00000e2b  __TI_decompress_none          
00000e39  CPUcpsie                      
00000e45  ResetISR                      
00000e51  TimerIntEnable                
00000e59  GPIOPinRead                   
00000e5f  GPIOPinWrite                  
00000e65  SysCtlDelay                   
00000e6b  TimerIntClear                 
00000e6f  _system_pre_init              
00000e73  C$$EXIT                       
00000e73  abort                         
00000f58  __TI_Handler_Table_Base       
00000f64  __TI_Handler_Table_Limit      
00000f78  __TI_CINIT_Base               
00000f88  __TI_CINIT_Limit              
20000000  __stack                       
20000200  __STACK_END                   
20000200  __STACK_TOP                   
20000200  attempt                       
20000208  ui32Period                    
2000020c  time_delay                    
ffffffff  __TI_pprof_out_hndl           
ffffffff  __TI_prof_data_size           
ffffffff  __TI_prof_data_start          
ffffffff  __binit__                     
ffffffff  __c_args__                    
ffffffff  binit                         
UNDEFED   __mpu_init                    
UNDEFED   _system_post_cinit            

[68 symbols]
