******************************************************************************
                  TI ARM Linker Unix v18.1.4                   
******************************************************************************
>> Linked Fri Jan 25 06:40:55 2019

OUTPUT FILE NAME:   <lab2.out>
ENTRY POINT SYMBOL: "_c_int00_noargs"  address: 00000905


MEMORY CONFIGURATION

         name            origin    length      used     unused   attr    fill
----------------------  --------  ---------  --------  --------  ----  --------
  FLASH                 00000000   00040000  00000a10  0003f5f0  R  X
  SRAM                  20000000   00008000  00000240  00007dc0  RW X


SEGMENT ALLOCATION MAP

run origin  load origin   length   init length attrs members
----------  ----------- ---------- ----------- ----- -------
00000000    00000000    00000a14   00000a14    r-x
  00000000    00000000    0000026c   0000026c    r-- .intvecs
  0000026c    0000026c    00000790   00000790    r-x .text
  00000a00    00000a00    00000014   00000014    r-- .cinit
20000000    20000000    00000240   00000000    rw-
  20000000    20000000    00000200   00000000    rw- .stack
  20000200    20000200    00000040   00000000    rw- .bss


SECTION ALLOCATION MAP

 output                                  attributes/
section   page    origin      length       input sections
--------  ----  ----------  ----------   ----------------
.intvecs   0    00000000    0000026c     
                  00000000    0000026c     tm4c123gh6pm_startup_ccs.obj (.intvecs)

.text      0    0000026c    00000790     
                  0000026c    0000042c     main.obj (.text)
                  00000698    00000132     driverlib.lib : gpio.obj (.text:GPIOPadConfigSet)
                  000007ca    00000002     --HOLE-- [fill = 0]
                  000007cc    000000f4                   : sysctl.obj (.text:SysCtlClockSet)
                  000008c0    00000044     rtsv7M4_T_le_v4SPD16_eabi.lib : autoinit.c.obj (.text:__TI_auto_init_nobinit_nopinit:__TI_auto_init_nobinit_nopinit)
                  00000904    00000038                                   : boot_cortex_m.c.obj (.text:_c_int00_noargs:_c_int00_noargs)
                  0000093c    00000034     driverlib.lib : sysctl.obj (.text:SysCtlPeripheralEnable)
                  00000970    0000002a                   : gpio.obj (.text:GPIODirModeSet)
                  0000099a    00000018                   : gpio.obj (.text:GPIOPinTypeGPIOOutput)
                  000009b2    00000012                   : gpio.obj (.text:GPIOPinTypeGPIOInput)
                  000009c4    00000012     rtsv7M4_T_le_v4SPD16_eabi.lib : copy_zero_init.c.obj (.text:decompress:ZI:__TI_zero_init_nomemset:__TI_zero_init_nomemset)
                  000009d6    0000000c     tm4c123gh6pm_startup_ccs.obj (.text)
                  000009e2    00000006     driverlib.lib : gpio.obj (.text:GPIOPinRead)
                  000009e8    00000006                   : gpio.obj (.text:GPIOPinWrite)
                  000009ee    00000006                   : sysctl.obj (.text:SysCtlDelay)
                  000009f4    00000004     rtsv7M4_T_le_v4SPD16_eabi.lib : pre_init.c.obj (.text:_system_pre_init)
                  000009f8    00000004                                   : exit.c.obj (.text:abort:abort)

.cinit     0    00000a00    00000014     
                  00000a00    00000008     (.cinit..bss.load) [load image, compression = zero_init]
                  00000a08    00000004     (__TI_handler_table)
                  00000a0c    00000008     (__TI_cinit_table)

.init_array 
*          0    00000000    00000000     UNINITIALIZED

.bss       0    20000200    00000040     UNINITIALIZED
                  20000200    00000020     (.common:x)
                  20000220    00000020     (.common:y)

.stack     0    20000000    00000200     UNINITIALIZED
                  20000000    00000004     rtsv7M4_T_le_v4SPD16_eabi.lib : boot_cortex_m.c.obj (.stack)
                  20000004    000001fc     --HOLE--

MODULE SUMMARY

       Module                         code   ro data   rw data
       ------                         ----   -------   -------
    ./
       main.obj                       1068   0         64     
       tm4c123gh6pm_startup_ccs.obj   12     620       0      
    +--+------------------------------+------+---------+---------+
       Total:                         1080   620       64     
                                                              
    /home/simmu/ti/TivaWare_C_Series-2.1.2.111/driverlib/ccs/Debug/driverlib.lib
       gpio.obj                       402    0         0      
       sysctl.obj                     302    0         0      
    +--+------------------------------+------+---------+---------+
       Total:                         704    0         0      
                                                              
    /home/simmu/ti/ccsv8/tools/compiler/ti-cgt-arm_18.1.4.LTS/lib/rtsv7M4_T_le_v4SPD16_eabi.lib
       autoinit.c.obj                 68     0         0      
       boot_cortex_m.c.obj            56     0         0      
       copy_zero_init.c.obj           18     0         0      
       exit.c.obj                     4      0         0      
       pre_init.c.obj                 4      0         0      
    +--+------------------------------+------+---------+---------+
       Total:                         150    0         0      
                                                              
       Stack:                         0      0         512    
       Linker Generated:              0      20        0      
    +--+------------------------------+------+---------+---------+
       Grand Total:                   1934   640       576    


LINKER GENERATED COPY TABLES

__TI_cinit_table @ 00000a0c records: 1, size/record: 8, table size: 8
	.bss: load addr=00000a00, load size=00000008 bytes, run addr=20000200, run size=00000040 bytes, compression=zero_init


LINKER GENERATED HANDLER TABLE

__TI_handler_table @ 00000a08 records: 1, size/record: 4, table size: 4
	index: 0, handler: __TI_zero_init


GLOBAL SYMBOLS: SORTED ALPHABETICALLY BY Name 

address   name                          
-------   ----                          
000009f9  C$$EXIT                       
00000971  GPIODirModeSet                
00000699  GPIOPadConfigSet              
000009e3  GPIOPinRead                   
000009b3  GPIOPinTypeGPIOInput          
0000099b  GPIOPinTypeGPIOOutput         
000009e9  GPIOPinWrite                  
000009d7  ResetISR                      
000007cd  SysCtlClockSet                
000009ef  SysCtlDelay                   
0000093d  SysCtlPeripheralEnable        
20000200  __STACK_END                   
00000200  __STACK_SIZE                  
20000200  __STACK_TOP                   
00000a0c  __TI_CINIT_Base               
00000a14  __TI_CINIT_Limit              
00000a08  __TI_Handler_Table_Base       
00000a0c  __TI_Handler_Table_Limit      
000008c1  __TI_auto_init_nobinit_nopinit
ffffffff  __TI_pprof_out_hndl           
ffffffff  __TI_prof_data_size           
ffffffff  __TI_prof_data_start          
00000000  __TI_static_base__            
000009c5  __TI_zero_init_nomemset       
ffffffff  __binit__                     
ffffffff  __c_args__                    
UNDEFED   __mpu_init                    
20000000  __stack                       
00000905  _c_int00_noargs               
UNDEFED   _system_post_cinit            
000009f5  _system_pre_init              
000009f9  abort                         
00000385  alu_logic                     
ffffffff  binit                         
00000000  g_pfnVectors                  
000002d3  led_glow                      
0000028f  led_pin_config                
00000641  main                          
000002f7  read_switch                   
0000026d  setup                         
000002a3  switch_pin_config             
20000200  x                             
20000220  y                             


GLOBAL SYMBOLS: SORTED BY Symbol Address 

address   name                          
-------   ----                          
00000000  __TI_static_base__            
00000000  g_pfnVectors                  
00000200  __STACK_SIZE                  
0000026d  setup                         
0000028f  led_pin_config                
000002a3  switch_pin_config             
000002d3  led_glow                      
000002f7  read_switch                   
00000385  alu_logic                     
00000641  main                          
00000699  GPIOPadConfigSet              
000007cd  SysCtlClockSet                
000008c1  __TI_auto_init_nobinit_nopinit
00000905  _c_int00_noargs               
0000093d  SysCtlPeripheralEnable        
00000971  GPIODirModeSet                
0000099b  GPIOPinTypeGPIOOutput         
000009b3  GPIOPinTypeGPIOInput          
000009c5  __TI_zero_init_nomemset       
000009d7  ResetISR                      
000009e3  GPIOPinRead                   
000009e9  GPIOPinWrite                  
000009ef  SysCtlDelay                   
000009f5  _system_pre_init              
000009f9  C$$EXIT                       
000009f9  abort                         
00000a08  __TI_Handler_Table_Base       
00000a0c  __TI_CINIT_Base               
00000a0c  __TI_Handler_Table_Limit      
00000a14  __TI_CINIT_Limit              
20000000  __stack                       
20000200  __STACK_END                   
20000200  __STACK_TOP                   
20000200  x                             
20000220  y                             
ffffffff  __TI_pprof_out_hndl           
ffffffff  __TI_prof_data_size           
ffffffff  __TI_prof_data_start          
ffffffff  __binit__                     
ffffffff  __c_args__                    
ffffffff  binit                         
UNDEFED   __mpu_init                    
UNDEFED   _system_post_cinit            

[43 symbols]
