******************************************************************************
                  TI ARM Linker Unix v18.1.4                   
******************************************************************************
>> Linked Fri Feb  1 13:04:54 2019

OUTPUT FILE NAME:   <lab4.out>
ENTRY POINT SYMBOL: "_c_int00_noargs"  address: 00000e21


MEMORY CONFIGURATION

         name            origin    length      used     unused   attr    fill
----------------------  --------  ---------  --------  --------  ----  --------
  FLASH                 00000000   00040000  00000fb0  0003f050  R  X
  SRAM                  20000000   00008000  0000021c  00007de4  RW X


SEGMENT ALLOCATION MAP

run origin  load origin   length   init length attrs members
----------  ----------- ---------- ----------- ----- -------
00000000    00000000    00000fb4   00000fb4    r-x
  00000000    00000000    0000026c   0000026c    r-- .intvecs
  0000026c    0000026c    00000d30   00000d30    r-x .text
  00000fa0    00000fa0    00000014   00000014    r-- .cinit
20000000    20000000    0000021c   00000000    rw-
  20000000    20000000    00000200   00000000    rw- .stack
  20000200    20000200    0000001c   00000000    rw- .bss


SECTION ALLOCATION MAP

 output                                  attributes/
section   page    origin      length       input sections
--------  ----  ----------  ----------   ----------------
.intvecs   0    00000000    0000026c     
                  00000000    0000026c     tm4c123gh6pm_startup_ccs.obj (.intvecs)

.text      0    0000026c    00000d30     
                  0000026c    000002d4     lcd.obj (.text)
                  00000540    000001b6     rtsv7M4_T_le_v4SPD16_eabi.lib : fd_add_t2.asm.obj (.text)
                  000006f6    00000002     --HOLE-- [fill = 0]
                  000006f8    0000018c     main.obj (.text)
                  00000884    00000136     rtsv7M4_T_le_v4SPD16_eabi.lib : fd_div_t2.asm.obj (.text)
                  000009ba    00000132     driverlib.lib : gpio.obj (.text:GPIOPadConfigSet)
                  00000aec    000000fc     rtsv7M4_T_le_v4SPD16_eabi.lib : fd_mul_t2.asm.obj (.text)
                  00000be8    000000f4     driverlib.lib : sysctl.obj (.text:SysCtlClockSet)
                  00000cdc    0000007a                   : adc.obj (.text:ADCSequenceStepConfigure)
                  00000d56    00000002     --HOLE-- [fill = 0]
                  00000d58    00000044     rtsv7M4_T_le_v4SPD16_eabi.lib : autoinit.c.obj (.text:__TI_auto_init_nobinit_nopinit:__TI_auto_init_nobinit_nopinit)
                  00000d9c    00000044                                   : fd_tou_t2.asm.obj (.text)
                  00000de0    0000003e     driverlib.lib : adc.obj (.text:ADCSequenceConfigure)
                  00000e1e    00000002     --HOLE-- [fill = 0]
                  00000e20    00000038     rtsv7M4_T_le_v4SPD16_eabi.lib : boot_cortex_m.c.obj (.text:_c_int00_noargs:_c_int00_noargs)
                  00000e58    00000034     driverlib.lib : sysctl.obj (.text:SysCtlPeripheralEnable)
                  00000e8c    0000002e                   : adc.obj (.text:ADCIntStatus)
                  00000eba    0000002a                   : gpio.obj (.text:GPIODirModeSet)
                  00000ee4    00000020     rtsv7M4_T_le_v4SPD16_eabi.lib : u_tofd_t2.asm.obj (.text)
                  00000f04    0000001e     driverlib.lib : adc.obj (.text:ADCSequenceDataGet)
                  00000f22    00000018                   : adc.obj (.text:ADCProcessorTrigger)
                  00000f3a    00000018                   : gpio.obj (.text:GPIOPinTypeGPIOOutput)
                  00000f52    00000012     rtsv7M4_T_le_v4SPD16_eabi.lib : copy_zero_init.c.obj (.text:decompress:ZI:__TI_zero_init_nomemset:__TI_zero_init_nomemset)
                  00000f64    0000000e     driverlib.lib : adc.obj (.text:ADCSequenceEnable)
                  00000f72    0000000c     tm4c123gh6pm_startup_ccs.obj (.text)
                  00000f7e    0000000a     driverlib.lib : adc.obj (.text:ADCIntClear)
                  00000f88    00000006                   : gpio.obj (.text:GPIOPinWrite)
                  00000f8e    00000006                   : sysctl.obj (.text:SysCtlDelay)
                  00000f94    00000004     rtsv7M4_T_le_v4SPD16_eabi.lib : pre_init.c.obj (.text:_system_pre_init)
                  00000f98    00000004                                   : exit.c.obj (.text:abort:abort)

.cinit     0    00000fa0    00000014     
                  00000fa0    00000008     (.cinit..bss.load) [load image, compression = zero_init]
                  00000fa8    00000004     (__TI_handler_table)
                  00000fac    00000008     (__TI_cinit_table)

.init_array 
*          0    00000000    00000000     UNINITIALIZED

.bss       0    20000200    0000001c     UNINITIALIZED
                  20000200    00000010     (.common:ui32ADC0Value)
                  20000210    00000004     (.common:ui32TempAvg)
                  20000214    00000004     (.common:ui32TempValueC)
                  20000218    00000004     (.common:ui32TempValueF)

.stack     0    20000000    00000200     UNINITIALIZED
                  20000000    00000004     rtsv7M4_T_le_v4SPD16_eabi.lib : boot_cortex_m.c.obj (.stack)
                  20000004    000001fc     --HOLE--

MODULE SUMMARY

       Module                         code   ro data   rw data
       ------                         ----   -------   -------
    ./
       lcd.obj                        724    0         0      
       tm4c123gh6pm_startup_ccs.obj   12     620       0      
       main.obj                       396    0         28     
    +--+------------------------------+------+---------+---------+
       Total:                         1132   620       28     
                                                              
    /home/simmu/ti/TivaWare_C_Series-2.1.2.111/driverlib/ccs/Debug/driverlib.lib
       gpio.obj                       378    0         0      
       adc.obj                        308    0         0      
       sysctl.obj                     302    0         0      
    +--+------------------------------+------+---------+---------+
       Total:                         988    0         0      
                                                              
    /home/simmu/ti/ccsv8/tools/compiler/ti-cgt-arm_18.1.4.LTS/lib/rtsv7M4_T_le_v4SPD16_eabi.lib
       fd_add_t2.asm.obj              438    0         0      
       fd_div_t2.asm.obj              310    0         0      
       fd_mul_t2.asm.obj              252    0         0      
       autoinit.c.obj                 68     0         0      
       fd_tou_t2.asm.obj              68     0         0      
       boot_cortex_m.c.obj            56     0         0      
       u_tofd_t2.asm.obj              32     0         0      
       copy_zero_init.c.obj           18     0         0      
       exit.c.obj                     4      0         0      
       pre_init.c.obj                 4      0         0      
    +--+------------------------------+------+---------+---------+
       Total:                         1250   0         0      
                                                              
       Stack:                         0      0         512    
       Linker Generated:              0      20        0      
    +--+------------------------------+------+---------+---------+
       Grand Total:                   3370   640       540    


LINKER GENERATED COPY TABLES

__TI_cinit_table @ 00000fac records: 1, size/record: 8, table size: 8
	.bss: load addr=00000fa0, load size=00000008 bytes, run addr=20000200, run size=0000001c bytes, compression=zero_init


LINKER GENERATED HANDLER TABLE

__TI_handler_table @ 00000fa8 records: 1, size/record: 4, table size: 4
	index: 0, handler: __TI_zero_init


GLOBAL SYMBOLS: SORTED ALPHABETICALLY BY Name 

address   name                          
-------   ----                          
00000f7f  ADCIntClear                   
00000e8d  ADCIntStatus                  
00000f23  ADCProcessorTrigger           
00000de1  ADCSequenceConfigure          
00000f05  ADCSequenceDataGet            
00000f65  ADCSequenceEnable             
00000cdd  ADCSequenceStepConfigure      
000006f9  ADC_config                    
0000074d  ADC_config_pot                
00000789  ADC_conversion                
00000f99  C$$EXIT                       
00000ebb  GPIODirModeSet                
000009bb  GPIOPadConfigSet              
00000f3b  GPIOPinTypeGPIOOutput         
00000f89  GPIOPinWrite                  
00000f73  ResetISR                      
00000be9  SysCtlClockSet                
00000f8f  SysCtlDelay                   
00000e59  SysCtlPeripheralEnable        
20000200  __STACK_END                   
00000200  __STACK_SIZE                  
20000200  __STACK_TOP                   
00000fac  __TI_CINIT_Base               
00000fb4  __TI_CINIT_Limit              
00000fa8  __TI_Handler_Table_Base       
00000fac  __TI_Handler_Table_Limit      
00000d59  __TI_auto_init_nobinit_nopinit
ffffffff  __TI_pprof_out_hndl           
ffffffff  __TI_prof_data_size           
ffffffff  __TI_prof_data_start          
00000000  __TI_static_base__            
00000f53  __TI_zero_init_nomemset       
00000d9d  __aeabi_d2uiz                 
0000054b  __aeabi_dadd                  
00000885  __aeabi_ddiv                  
00000aed  __aeabi_dmul                  
00000541  __aeabi_dsub                  
00000ee5  __aeabi_ui2d                  
ffffffff  __binit__                     
ffffffff  __c_args__                    
UNDEFED   __mpu_init                    
20000000  __stack                       
00000e21  _c_int00_noargs               
UNDEFED   _system_post_cinit            
00000f95  _system_pre_init              
00000f99  abort                         
ffffffff  binit                         
00000000  g_pfnVectors                  
00000311  lcd_char                      
000002cd  lcd_command                   
00000371  lcd_cursor                    
00000293  lcd_init                      
0000026d  lcd_portconfig                
000003a9  lcd_print                     
00000355  lcd_string                    
00000817  main                          
20000200  ui32ADC0Value                 
20000210  ui32TempAvg                   
20000214  ui32TempValueC                
20000218  ui32TempValueF                


GLOBAL SYMBOLS: SORTED BY Symbol Address 

address   name                          
-------   ----                          
00000000  __TI_static_base__            
00000000  g_pfnVectors                  
00000200  __STACK_SIZE                  
0000026d  lcd_portconfig                
00000293  lcd_init                      
000002cd  lcd_command                   
00000311  lcd_char                      
00000355  lcd_string                    
00000371  lcd_cursor                    
000003a9  lcd_print                     
00000541  __aeabi_dsub                  
0000054b  __aeabi_dadd                  
000006f9  ADC_config                    
0000074d  ADC_config_pot                
00000789  ADC_conversion                
00000817  main                          
00000885  __aeabi_ddiv                  
000009bb  GPIOPadConfigSet              
00000aed  __aeabi_dmul                  
00000be9  SysCtlClockSet                
00000cdd  ADCSequenceStepConfigure      
00000d59  __TI_auto_init_nobinit_nopinit
00000d9d  __aeabi_d2uiz                 
00000de1  ADCSequenceConfigure          
00000e21  _c_int00_noargs               
00000e59  SysCtlPeripheralEnable        
00000e8d  ADCIntStatus                  
00000ebb  GPIODirModeSet                
00000ee5  __aeabi_ui2d                  
00000f05  ADCSequenceDataGet            
00000f23  ADCProcessorTrigger           
00000f3b  GPIOPinTypeGPIOOutput         
00000f53  __TI_zero_init_nomemset       
00000f65  ADCSequenceEnable             
00000f73  ResetISR                      
00000f7f  ADCIntClear                   
00000f89  GPIOPinWrite                  
00000f8f  SysCtlDelay                   
00000f95  _system_pre_init              
00000f99  C$$EXIT                       
00000f99  abort                         
00000fa8  __TI_Handler_Table_Base       
00000fac  __TI_CINIT_Base               
00000fac  __TI_Handler_Table_Limit      
00000fb4  __TI_CINIT_Limit              
20000000  __stack                       
20000200  __STACK_END                   
20000200  __STACK_TOP                   
20000200  ui32ADC0Value                 
20000210  ui32TempAvg                   
20000214  ui32TempValueC                
20000218  ui32TempValueF                
ffffffff  __TI_pprof_out_hndl           
ffffffff  __TI_prof_data_size           
ffffffff  __TI_prof_data_start          
ffffffff  __binit__                     
ffffffff  __c_args__                    
ffffffff  binit                         
UNDEFED   __mpu_init                    
UNDEFED   _system_post_cinit            

[60 symbols]
