******************************************************************************
                  TI ARM Linker Unix v18.1.4                   
******************************************************************************
>> Linked Wed Feb  6 16:13:39 2019

OUTPUT FILE NAME:   <lab4.out>
ENTRY POINT SYMBOL: "_c_int00_noargs"  address: 00000941


MEMORY CONFIGURATION

         name            origin    length      used     unused   attr    fill
----------------------  --------  ---------  --------  --------  ----  --------
  FLASH                 00000000   00040000  00000ade  0003f522  R  X
  SRAM                  20000000   00008000  00000214  00007dec  RW X


SEGMENT ALLOCATION MAP

run origin  load origin   length   init length attrs members
----------  ----------- ---------- ----------- ----- -------
00000000    00000000    00000ae4   00000ae4    r-x
  00000000    00000000    0000026c   0000026c    r-- .intvecs
  0000026c    0000026c    0000085e   0000085e    r-x .text
  00000ad0    00000ad0    00000014   00000014    r-- .cinit
20000000    20000000    00000214   00000000    rw-
  20000000    20000000    00000200   00000000    rw- .stack
  20000200    20000200    00000014   00000000    rw- .bss


SECTION ALLOCATION MAP

 output                                  attributes/
section   page    origin      length       input sections
--------  ----  ----------  ----------   ----------------
.intvecs   0    00000000    0000026c     
                  00000000    0000026c     tm4c123gh6pm_startup_ccs.obj (.intvecs)

.text      0    0000026c    0000085e     
                  0000026c    000002d4     lcd.obj (.text)
                  00000540    00000132     driverlib.lib : gpio.obj (.text:GPIOPadConfigSet)
                  00000672    00000002     --HOLE-- [fill = 0]
                  00000674    000000f4                   : sysctl.obj (.text:SysCtlClockSet)
                  00000768    000000d8     adc_external.obj (.text)
                  00000840    0000007a     driverlib.lib : adc.obj (.text:ADCSequenceStepConfigure)
                  000008ba    00000002     --HOLE-- [fill = 0]
                  000008bc    00000044     rtsv7M4_T_le_v4SPD16_eabi.lib : autoinit.c.obj (.text:__TI_auto_init_nobinit_nopinit:__TI_auto_init_nobinit_nopinit)
                  00000900    0000003e     driverlib.lib : adc.obj (.text:ADCSequenceConfigure)
                  0000093e    00000002     --HOLE-- [fill = 0]
                  00000940    00000038     rtsv7M4_T_le_v4SPD16_eabi.lib : boot_cortex_m.c.obj (.text:_c_int00_noargs:_c_int00_noargs)
                  00000978    00000034     driverlib.lib : sysctl.obj (.text:SysCtlPeripheralEnable)
                  000009ac    0000002e                   : adc.obj (.text:ADCIntStatus)
                  000009da    00000002     --HOLE-- [fill = 0]
                  000009dc    0000002c     main.obj (.text)
                  00000a08    0000002a     driverlib.lib : gpio.obj (.text:GPIODirModeSet)
                  00000a32    0000001e                   : adc.obj (.text:ADCSequenceDataGet)
                  00000a50    00000018                   : adc.obj (.text:ADCProcessorTrigger)
                  00000a68    00000018                   : gpio.obj (.text:GPIOPinTypeGPIOOutput)
                  00000a80    00000012     rtsv7M4_T_le_v4SPD16_eabi.lib : copy_zero_init.c.obj (.text:decompress:ZI:__TI_zero_init_nomemset:__TI_zero_init_nomemset)
                  00000a92    0000000e     driverlib.lib : adc.obj (.text:ADCSequenceEnable)
                  00000aa0    0000000c     tm4c123gh6pm_startup_ccs.obj (.text)
                  00000aac    0000000a     driverlib.lib : adc.obj (.text:ADCIntClear)
                  00000ab6    00000006                   : gpio.obj (.text:GPIOPinWrite)
                  00000abc    00000006                   : sysctl.obj (.text:SysCtlDelay)
                  00000ac2    00000004     rtsv7M4_T_le_v4SPD16_eabi.lib : pre_init.c.obj (.text:_system_pre_init)
                  00000ac6    00000004                                   : exit.c.obj (.text:abort:abort)

.cinit     0    00000ad0    00000014     
                  00000ad0    00000008     (.cinit..bss.load) [load image, compression = zero_init]
                  00000ad8    00000004     (__TI_handler_table)
                  00000adc    00000008     (__TI_cinit_table)

.init_array 
*          0    00000000    00000000     UNINITIALIZED

.bss       0    20000200    00000014     UNINITIALIZED
                  20000200    00000010     (.common:ui32ADC0Value)
                  20000210    00000004     (.common:ui32Avg)

.stack     0    20000000    00000200     UNINITIALIZED
                  20000000    00000004     rtsv7M4_T_le_v4SPD16_eabi.lib : boot_cortex_m.c.obj (.stack)
                  20000004    000001fc     --HOLE--

MODULE SUMMARY

       Module                         code   ro data   rw data
       ------                         ----   -------   -------
    ./
       lcd.obj                        724    0         0      
       tm4c123gh6pm_startup_ccs.obj   12     620       0      
       adc_external.obj               216    0         20     
       main.obj                       44     0         0      
    +--+------------------------------+------+---------+---------+
       Total:                         996    620       20     
                                                              
    /home/simmu/ti/TivaWare_C_Series-2.1.2.111/driverlib/ccs/Debug/driverlib.lib
       gpio.obj                       378    0         0      
       adc.obj                        308    0         0      
       sysctl.obj                     302    0         0      
    +--+------------------------------+------+---------+---------+
       Total:                         988    0         0      
                                                              
    /home/simmu/ti/ccsv8/tools/compiler/ti-cgt-arm_18.1.4.LTS/lib/rtsv7M4_T_le_v4SPD16_eabi.lib
       autoinit.c.obj                 68     0         0      
       boot_cortex_m.c.obj            56     0         0      
       copy_zero_init.c.obj           18     0         0      
       exit.c.obj                     4      0         0      
       pre_init.c.obj                 4      0         0      
    +--+------------------------------+------+---------+---------+
       Total:                         150    0         0      
                                                              
       Stack:                         0      0         512    
       Linker Generated:              0      20        0      
    +--+------------------------------+------+---------+---------+
       Grand Total:                   2134   640       532    


LINKER GENERATED COPY TABLES

__TI_cinit_table @ 00000adc records: 1, size/record: 8, table size: 8
	.bss: load addr=00000ad0, load size=00000008 bytes, run addr=20000200, run size=00000014 bytes, compression=zero_init


LINKER GENERATED HANDLER TABLE

__TI_handler_table @ 00000ad8 records: 1, size/record: 4, table size: 4
	index: 0, handler: __TI_zero_init


GLOBAL SYMBOLS: SORTED ALPHABETICALLY BY Name 

address   name                          
-------   ----                          
00000aad  ADCIntClear                   
000009ad  ADCIntStatus                  
00000a51  ADCProcessorTrigger           
00000901  ADCSequenceConfigure          
00000a33  ADCSequenceDataGet            
00000a93  ADCSequenceEnable             
00000841  ADCSequenceStepConfigure      
00000769  ADC_config                    
000007cd  ADC_conversion                
00000ac7  C$$EXIT                       
00000a09  GPIODirModeSet                
00000541  GPIOPadConfigSet              
00000a69  GPIOPinTypeGPIOOutput         
00000ab7  GPIOPinWrite                  
00000aa1  ResetISR                      
00000675  SysCtlClockSet                
00000abd  SysCtlDelay                   
00000979  SysCtlPeripheralEnable        
20000200  __STACK_END                   
00000200  __STACK_SIZE                  
20000200  __STACK_TOP                   
00000adc  __TI_CINIT_Base               
00000ae4  __TI_CINIT_Limit              
00000ad8  __TI_Handler_Table_Base       
00000adc  __TI_Handler_Table_Limit      
000008bd  __TI_auto_init_nobinit_nopinit
ffffffff  __TI_pprof_out_hndl           
ffffffff  __TI_prof_data_size           
ffffffff  __TI_prof_data_start          
00000000  __TI_static_base__            
00000a81  __TI_zero_init_nomemset       
ffffffff  __binit__                     
ffffffff  __c_args__                    
UNDEFED   __mpu_init                    
20000000  __stack                       
00000941  _c_int00_noargs               
UNDEFED   _system_post_cinit            
00000ac3  _system_pre_init              
00000ac7  abort                         
ffffffff  binit                         
00000000  g_pfnVectors                  
00000311  lcd_char                      
000002cd  lcd_command                   
00000371  lcd_cursor                    
00000293  lcd_init                      
0000026d  lcd_portconfig                
000003a9  lcd_print                     
00000355  lcd_string                    
000009dd  main                          
20000200  ui32ADC0Value                 
20000210  ui32Avg                       


GLOBAL SYMBOLS: SORTED BY Symbol Address 

address   name                          
-------   ----                          
00000000  __TI_static_base__            
00000000  g_pfnVectors                  
00000200  __STACK_SIZE                  
0000026d  lcd_portconfig                
00000293  lcd_init                      
000002cd  lcd_command                   
00000311  lcd_char                      
00000355  lcd_string                    
00000371  lcd_cursor                    
000003a9  lcd_print                     
00000541  GPIOPadConfigSet              
00000675  SysCtlClockSet                
00000769  ADC_config                    
000007cd  ADC_conversion                
00000841  ADCSequenceStepConfigure      
000008bd  __TI_auto_init_nobinit_nopinit
00000901  ADCSequenceConfigure          
00000941  _c_int00_noargs               
00000979  SysCtlPeripheralEnable        
000009ad  ADCIntStatus                  
000009dd  main                          
00000a09  GPIODirModeSet                
00000a33  ADCSequenceDataGet            
00000a51  ADCProcessorTrigger           
00000a69  GPIOPinTypeGPIOOutput         
00000a81  __TI_zero_init_nomemset       
00000a93  ADCSequenceEnable             
00000aa1  ResetISR                      
00000aad  ADCIntClear                   
00000ab7  GPIOPinWrite                  
00000abd  SysCtlDelay                   
00000ac3  _system_pre_init              
00000ac7  C$$EXIT                       
00000ac7  abort                         
00000ad8  __TI_Handler_Table_Base       
00000adc  __TI_CINIT_Base               
00000adc  __TI_Handler_Table_Limit      
00000ae4  __TI_CINIT_Limit              
20000000  __stack                       
20000200  __STACK_END                   
20000200  __STACK_TOP                   
20000200  ui32ADC0Value                 
20000210  ui32Avg                       
ffffffff  __TI_pprof_out_hndl           
ffffffff  __TI_prof_data_size           
ffffffff  __TI_prof_data_start          
ffffffff  __binit__                     
ffffffff  __c_args__                    
ffffffff  binit                         
UNDEFED   __mpu_init                    
UNDEFED   _system_post_cinit            

[51 symbols]
